Procesando parámetro: Jext2989
sbatch: error: Unable to open file 15-SLURM_fooof_analysis_v4.sh
  ✗ Error submitting job: Jext2989_0.5_0.1_-23.84_-8.441_0.5_0.5_29.89
sbatch: error: Unable to open file 15-SLURM_fooof_analysis_v4.sh
  ✗ Error submitting job: Jext2989_0.8889_0.2_-23.84_-8.441_0.5_0.5_29.89
sbatch: error: Unable to open file 15-SLURM_fooof_analysis_v4.sh
  ✗ Error submitting job: Jext2989_1.2778_0.3_-23.84_-8.441_0.5_0.5_29.89
sbatch: error: Unable to open file 15-SLURM_fooof_analysis_v4.sh
  ✗ Error submitting job: Jext2989_1.6667_0.4_-23.84_-8.441_0.5_0.5_29.89
sbatch: error: Unable to open file 15-SLURM_fooof_analysis_v4.sh
  ✗ Error submitting job: Jext2989_2.0556_0.5_-23.84_-8.441_0.5_0.5_29.89
sbatch: error: Unable to open file 15-SLURM_fooof_analysis_v4.sh
  ✗ Error submitting job: Jext2989_2.4444_0.6_-23.84_-8.441_0.5_0.5_29.89
sbatch: error: Unable to open file 15-SLURM_fooof_analysis_v4.sh
  ✗ Error submitting job: Jext2989_2.8333_0.7_-23.84_-8.441_0.5_0.5_29.89
sbatch: error: Unable to open file 15-SLURM_fooof_analysis_v4.sh
  ✗ Error submitting job: Jext2989_3.2222_0.8_-23.84_-8.441_0.5_0.5_29.89
sbatch: error: Unable to open file 15-SLURM_fooof_analysis_v4.sh
  ✗ Error submitting job: Jext2989_3.6111_0.9_-23.84_-8.441_0.5_0.5_29.89
sbatch: error: Unable to open file 15-SLURM_fooof_analysis_v4.sh
  ✗ Error submitting job: Jext2989_4_1_-23.84_-8.441_0.5_0.5_29.89

Procesando parámetro: Jext2989
sbatch: error: Unable to open file 15-SLURM_fooof_analysis_v4.sh
  ✗ Error submitting job: Jext2989_1.589_2.02_-1_-1_0.5_0.5_29.89
sbatch: error: Unable to open file 15-SLURM_fooof_analysis_v4.sh
  ✗ Error submitting job: Jext2989_1.589_2.02_-14_-14_0.5_0.5_29.89
sbatch: error: Unable to open file 15-SLURM_fooof_analysis_v4.sh
  ✗ Error submitting job: Jext2989_1.589_2.02_-18.3333_-18.3333_0.5_0.5_29.89
sbatch: error: Unable to open file 15-SLURM_fooof_analysis_v4.sh
  ✗ Error submitting job: Jext2989_1.589_2.02_-22.6667_-22.6667_0.5_0.5_29.89
sbatch: error: Unable to open file 15-SLURM_fooof_analysis_v4.sh
  ✗ Error submitting job: Jext2989_1.589_2.02_-27_-27_0.5_0.5_29.89
sbatch: error: Unable to open file 15-SLURM_fooof_analysis_v4.sh
  ✗ Error submitting job: Jext2989_1.589_2.02_-31.3333_-31.3333_0.5_0.5_29.89
sbatch: error: Unable to open file 15-SLURM_fooof_analysis_v4.sh
  ✗ Error submitting job: Jext2989_1.589_2.02_-35.6667_-35.6667_0.5_0.5_29.89
sbatch: error: Unable to open file 15-SLURM_fooof_analysis_v4.sh
  ✗ Error submitting job: Jext2989_1.589_2.02_-40_-40_0.5_0.5_29.89
sbatch: error: Unable to open file 15-SLURM_fooof_analysis_v4.sh
  ✗ Error submitting job: Jext2989_1.589_2.02_-5.3333_-5.3333_0.5_0.5_29.89
sbatch: error: Unable to open file 15-SLURM_fooof_analysis_v4.sh
  ✗ Error submitting job: Jext2989_1.589_2.02_-9.6667_-9.6667_0.5_0.5_29.89

Advertencia: El directorio /SCRATCH/TIC117/cmg/alejandro/tsodyks/J_EE_J_IE-v2/Jext32 no existe, saltando...
Advertencia: El directorio /SCRATCH/TIC117/cmg/alejandro/tsodyks/J_EI_J_II-v2/Jext32 no existe, saltando...
Procesando parámetro: Jext32
sbatch: error: Unable to open file 15-SLURM_fooof_analysis_v4.sh
  ✗ Error submitting job: Jext32_1.589_2.02_-23.84_-8.441_0.5_0.5_32
sbatch: error: Unable to open file 15-SLURM_fooof_analysis_v4.sh
  ✗ Error submitting job: Jext32_1.589_2.02_-23.84_-8.441_0.5222_0.5_32
sbatch: error: Unable to open file 15-SLURM_fooof_analysis_v4.sh
  ✗ Error submitting job: Jext32_1.589_2.02_-23.84_-8.441_0.5444_0.5_32
sbatch: error: Unable to open file 15-SLURM_fooof_analysis_v4.sh
  ✗ Error submitting job: Jext32_1.589_2.02_-23.84_-8.441_0.5667_0.5_32
sbatch: error: Unable to open file 15-SLURM_fooof_analysis_v4.sh
  ✗ Error submitting job: Jext32_1.589_2.02_-23.84_-8.441_0.5889_0.5_32
sbatch: error: Unable to open file 15-SLURM_fooof_analysis_v4.sh
  ✗ Error submitting job: Jext32_1.589_2.02_-23.84_-8.441_0.6111_0.5_32
sbatch: error: Unable to open file 15-SLURM_fooof_analysis_v4.sh
  ✗ Error submitting job: Jext32_1.589_2.02_-23.84_-8.441_0.6333_0.5_32
sbatch: error: Unable to open file 15-SLURM_fooof_analysis_v4.sh
  ✗ Error submitting job: Jext32_1.589_2.02_-23.84_-8.441_0.6556_0.5_32
sbatch: error: Unable to open file 15-SLURM_fooof_analysis_v4.sh
  ✗ Error submitting job: Jext32_1.589_2.02_-23.84_-8.441_0.6778_0.5_32
sbatch: error: Unable to open file 15-SLURM_fooof_analysis_v4.sh
  ✗ Error submitting job: Jext32_1.589_2.02_-23.84_-8.441_0.7_0.5_32
sbatch: error: Unable to open file 15-SLURM_fooof_analysis_v4.sh
  ✗ Error submitting job: Jext32_1.589_2.02_-23.84_-8.441_10_0.5_32

Procesando parámetro: Jext2989
sbatch: error: Unable to open file 15-SLURM_fooof_analysis_v4.sh
  ✗ Error submitting job: Jext2989_1.589_2.02_-23.84_-8.441_0.5_0.5_29.89
sbatch: error: Unable to open file 15-SLURM_fooof_analysis_v4.sh
  ✗ Error submitting job: Jext2989_1.589_2.02_-23.84_-8.441_0.5222_0.5_29.89
sbatch: error: Unable to open file 15-SLURM_fooof_analysis_v4.sh
  ✗ Error submitting job: Jext2989_1.589_2.02_-23.84_-8.441_0.5444_0.5_29.89
sbatch: error: Unable to open file 15-SLURM_fooof_analysis_v4.sh
  ✗ Error submitting job: Jext2989_1.589_2.02_-23.84_-8.441_0.5667_0.5_29.89
sbatch: error: Unable to open file 15-SLURM_fooof_analysis_v4.sh
  ✗ Error submitting job: Jext2989_1.589_2.02_-23.84_-8.441_0.5889_0.5_29.89
sbatch: error: Unable to open file 15-SLURM_fooof_analysis_v4.sh
  ✗ Error submitting job: Jext2989_1.589_2.02_-23.84_-8.441_0.6111_0.5_29.89
sbatch: error: Unable to open file 15-SLURM_fooof_analysis_v4.sh
  ✗ Error submitting job: Jext2989_1.589_2.02_-23.84_-8.441_0.6333_0.5_29.89
sbatch: error: Unable to open file 15-SLURM_fooof_analysis_v4.sh
  ✗ Error submitting job: Jext2989_1.589_2.02_-23.84_-8.441_0.6556_0.5_29.89
sbatch: error: Unable to open file 15-SLURM_fooof_analysis_v4.sh
  ✗ Error submitting job: Jext2989_1.589_2.02_-23.84_-8.441_0.6778_0.5_29.89
sbatch: error: Unable to open file 15-SLURM_fooof_analysis_v4.sh
  ✗ Error submitting job: Jext2989_1.589_2.02_-23.84_-8.441_0.7_0.5_29.89
sbatch: error: Unable to open file 15-SLURM_fooof_analysis_v4.sh
  ✗ Error submitting job: Jext2989_1.589_2.02_-23.84_-8.441_10_0.5_29.89

Procesando parámetro: Jext32
sbatch: error: Unable to open file 15-SLURM_fooof_analysis_v4.sh
  ✗ Error submitting job: Jext32_1.589_2.02_-23.84_-8.441_0.5_0.5_32
sbatch: error: Unable to open file 15-SLURM_fooof_analysis_v4.sh
  ✗ Error submitting job: Jext32_1.589_2.02_-23.84_-8.441_0.5_0.7778_32
sbatch: error: Unable to open file 15-SLURM_fooof_analysis_v4.sh
  ✗ Error submitting job: Jext32_1.589_2.02_-23.84_-8.441_0.5_10_32
sbatch: error: Unable to open file 15-SLURM_fooof_analysis_v4.sh
  ✗ Error submitting job: Jext32_1.589_2.02_-23.84_-8.441_0.5_1.0556_32
sbatch: error: Unable to open file 15-SLURM_fooof_analysis_v4.sh
  ✗ Error submitting job: Jext32_1.589_2.02_-23.84_-8.441_0.5_1.3333_32
sbatch: error: Unable to open file 15-SLURM_fooof_analysis_v4.sh
  ✗ Error submitting job: Jext32_1.589_2.02_-23.84_-8.441_0.5_1.6111_32
sbatch: error: Unable to open file 15-SLURM_fooof_analysis_v4.sh
  ✗ Error submitting job: Jext32_1.589_2.02_-23.84_-8.441_0.5_1.8889_32
sbatch: error: Unable to open file 15-SLURM_fooof_analysis_v4.sh
  ✗ Error submitting job: Jext32_1.589_2.02_-23.84_-8.441_0.5_2.1667_32
sbatch: error: Unable to open file 15-SLURM_fooof_analysis_v4.sh
  ✗ Error submitting job: Jext32_1.589_2.02_-23.84_-8.441_0.5_2.4444_32
sbatch: error: Unable to open file 15-SLURM_fooof_analysis_v4.sh
  ✗ Error submitting job: Jext32_1.589_2.02_-23.84_-8.441_0.5_2.7222_32
sbatch: error: Unable to open file 15-SLURM_fooof_analysis_v4.sh
  ✗ Error submitting job: Jext32_1.589_2.02_-23.84_-8.441_0.5_3_32

Procesando parámetro: Jext2989
sbatch: error: Unable to open file 15-SLURM_fooof_analysis_v4.sh
  ✗ Error submitting job: Jext2989_1.589_2.02_-23.84_-8.441_0.5_0.5_29.89
sbatch: error: Unable to open file 15-SLURM_fooof_analysis_v4.sh
  ✗ Error submitting job: Jext2989_1.589_2.02_-23.84_-8.441_0.5_0.7778_29.89
sbatch: error: Unable to open file 15-SLURM_fooof_analysis_v4.sh
  ✗ Error submitting job: Jext2989_1.589_2.02_-23.84_-8.441_0.5_10_29.89
sbatch: error: Unable to open file 15-SLURM_fooof_analysis_v4.sh
  ✗ Error submitting job: Jext2989_1.589_2.02_-23.84_-8.441_0.5_1.0556_29.89
sbatch: error: Unable to open file 15-SLURM_fooof_analysis_v4.sh
  ✗ Error submitting job: Jext2989_1.589_2.02_-23.84_-8.441_0.5_1.3333_29.89
sbatch: error: Unable to open file 15-SLURM_fooof_analysis_v4.sh
  ✗ Error submitting job: Jext2989_1.589_2.02_-23.84_-8.441_0.5_1.6111_29.89
sbatch: error: Unable to open file 15-SLURM_fooof_analysis_v4.sh
  ✗ Error submitting job: Jext2989_1.589_2.02_-23.84_-8.441_0.5_1.8889_29.89
sbatch: error: Unable to open file 15-SLURM_fooof_analysis_v4.sh
  ✗ Error submitting job: Jext2989_1.589_2.02_-23.84_-8.441_0.5_2.1667_29.89
sbatch: error: Unable to open file 15-SLURM_fooof_analysis_v4.sh
  ✗ Error submitting job: Jext2989_1.589_2.02_-23.84_-8.441_0.5_2.4444_29.89
sbatch: error: Unable to open file 15-SLURM_fooof_analysis_v4.sh
  ✗ Error submitting job: Jext2989_1.589_2.02_-23.84_-8.441_0.5_2.7222_29.89
sbatch: error: Unable to open file 15-SLURM_fooof_analysis_v4.sh
  ✗ Error submitting job: Jext2989_1.589_2.02_-23.84_-8.441_0.5_3_29.89

Procesando parámetro: J_ext
sbatch: error: Unable to open file 15-SLURM_fooof_analysis_v4.sh
  ✗ Error submitting job: J_ext_1.589_2.02_-23.84_-8.441_0.5_0.5_28
sbatch: error: Unable to open file 15-SLURM_fooof_analysis_v4.sh
  ✗ Error submitting job: J_ext_1.589_2.02_-23.84_-8.441_0.5_0.5_29.8889
sbatch: error: Unable to open file 15-SLURM_fooof_analysis_v4.sh
  ✗ Error submitting job: J_ext_1.589_2.02_-23.84_-8.441_0.5_0.5_31.7778
sbatch: error: Unable to open file 15-SLURM_fooof_analysis_v4.sh
  ✗ Error submitting job: J_ext_1.589_2.02_-23.84_-8.441_0.5_0.5_33.6667
sbatch: error: Unable to open file 15-SLURM_fooof_analysis_v4.sh
  ✗ Error submitting job: J_ext_1.589_2.02_-23.84_-8.441_0.5_0.5_35.5556
sbatch: error: Unable to open file 15-SLURM_fooof_analysis_v4.sh
  ✗ Error submitting job: J_ext_1.589_2.02_-23.84_-8.441_0.5_0.5_37.4444
sbatch: error: Unable to open file 15-SLURM_fooof_analysis_v4.sh
  ✗ Error submitting job: J_ext_1.589_2.02_-23.84_-8.441_0.5_0.5_39.3333
sbatch: error: Unable to open file 15-SLURM_fooof_analysis_v4.sh
  ✗ Error submitting job: J_ext_1.589_2.02_-23.84_-8.441_0.5_0.5_41.2222
sbatch: error: Unable to open file 15-SLURM_fooof_analysis_v4.sh
  ✗ Error submitting job: J_ext_1.589_2.02_-23.84_-8.441_0.5_0.5_43.1111
sbatch: error: Unable to open file 15-SLURM_fooof_analysis_v4.sh
  ✗ Error submitting job: J_ext_1.589_2.02_-23.84_-8.441_0.5_0.5_45

==========================================
Total de jobs enviados: 0
==========================================
